---
http_interactions:
- request:
    method: get
    uri: http://freegeoip.net/json/127.0.0.1
    body:
      encoding: US-ASCII
      string: ''
    headers:
      Accept-Encoding:
      - gzip;q=1.0,deflate;q=0.6,identity;q=0.3
      Accept:
      - "*/*"
      User-Agent:
      - Ruby
      Host:
      - freegeoip.net
  response:
    status:
      code: 200
      message: OK
    headers:
      Access-Control-Allow-Credentials:
      - 'true'
      Access-Control-Allow-Methods:
      - GET, HEAD, OPTIONS
      Access-Control-Allow-Origin:
      - "*"
      Content-Type:
      - application/json
      X-Database-Date:
      - Wed, 02 Dec 2015 07:06:58 GMT
      X-Ratelimit-Limit:
      - '10000'
      X-Ratelimit-Remaining:
      - '9998'
      X-Ratelimit-Reset:
      - '3573'
      Date:
      - Sat, 12 Dec 2015 22:11:53 GMT
      Content-Length:
      - '170'
    body:
      encoding: UTF-8
      string: |
        {"ip":"127.0.0.1","country_code":"","country_name":"","region_code":"","region_name":"","city":"","zip_code":"","time_zone":"","latitude":0,"longitude":0,"metro_code":0}
    http_version: 
  recorded_at: Sat, 12 Dec 2015 22:11:53 GMT
- request:
    method: get
    uri: http://freegeoip.net/json/127.0.0.1
    body:
      encoding: US-ASCII
      string: ''
    headers:
      Accept-Encoding:
      - gzip;q=1.0,deflate;q=0.6,identity;q=0.3
      Accept:
      - "*/*"
      User-Agent:
      - Ruby
      Host:
      - freegeoip.net
  response:
    status:
      code: 200
      message: OK
    headers:
      Access-Control-Allow-Credentials:
      - 'true'
      Access-Control-Allow-Methods:
      - GET, HEAD, OPTIONS
      Access-Control-Allow-Origin:
      - "*"
      Content-Type:
      - application/json
      X-Database-Date:
      - Wed, 02 Dec 2015 07:06:58 GMT
      X-Ratelimit-Limit:
      - '10000'
      X-Ratelimit-Remaining:
      - '9991'
      X-Ratelimit-Reset:
      - '3254'
      Date:
      - Sat, 12 Dec 2015 23:17:28 GMT
      Content-Length:
      - '170'
    body:
      encoding: UTF-8
      string: |
        {"ip":"127.0.0.1","country_code":"","country_name":"","region_code":"","region_name":"","city":"","zip_code":"","time_zone":"","latitude":0,"longitude":0,"metro_code":0}
    http_version: 
  recorded_at: Sat, 12 Dec 2015 23:17:28 GMT
- request:
    method: get
    uri: https://api.forecast.io/forecast/df1dfcd5377380fa28d44f0ebdbd8f7f/42.2848,-71.0741
    body:
      encoding: US-ASCII
      string: ''
    headers:
      Accept-Encoding:
      - gzip;q=1.0,deflate;q=0.6,identity;q=0.3
      Accept:
      - "*/*"
      User-Agent:
      - Ruby
  response:
    status:
      code: 200
      message: OK
    headers:
      Server:
      - nginx/1.4.6 (Ubuntu)
      Date:
      - Sat, 12 Dec 2015 23:17:28 GMT
      Content-Type:
      - application/json; charset=utf-8
      Transfer-Encoding:
      - chunked
      Connection:
      - close
      X-Forecast-Api-Calls:
      - '20'
      Cache-Control:
      - max-age=32
      Expires:
      - Sat, 12 Dec 2015 23:18:00 +0000
      X-Content-Type-Options:
      - nosniff
      X-Response-Time:
      - 133.111ms
      X-Hostname:
      - 70.api
    body:
      encoding: UTF-8
      string: '{"latitude":42.2848,"longitude":-71.0741,"timezone":"America/New_York","offset":-5,"currently":{"time":1449962248,"summary":"Mostly
        Cloudy","icon":"partly-cloudy-night","nearestStormDistance":39,"nearestStormBearing":167,"precipIntensity":0,"precipProbability":0,"temperature":49.62,"apparentTemperature":49.62,"dewPoint":36.9,"humidity":0.61,"windSpeed":1.98,"windBearing":236,"visibility":10,"cloudCover":0.66,"pressure":1020.07,"ozone":301.65},"minutely":{"summary":"Mostly
        cloudy for the hour.","icon":"partly-cloudy-night","data":[{"time":1449962220,"precipIntensity":0,"precipProbability":0},{"time":1449962280,"precipIntensity":0,"precipProbability":0},{"time":1449962340,"precipIntensity":0,"precipProbability":0},{"time":1449962400,"precipIntensity":0,"precipProbability":0},{"time":1449962460,"precipIntensity":0,"precipProbability":0},{"time":1449962520,"precipIntensity":0,"precipProbability":0},{"time":1449962580,"precipIntensity":0,"precipProbability":0},{"time":1449962640,"precipIntensity":0,"precipProbability":0},{"time":1449962700,"precipIntensity":0,"precipProbability":0},{"time":1449962760,"precipIntensity":0,"precipProbability":0},{"time":1449962820,"precipIntensity":0,"precipProbability":0},{"time":1449962880,"precipIntensity":0,"precipProbability":0},{"time":1449962940,"precipIntensity":0,"precipProbability":0},{"time":1449963000,"precipIntensity":0,"precipProbability":0},{"time":1449963060,"precipIntensity":0,"precipProbability":0},{"time":1449963120,"precipIntensity":0,"precipProbability":0},{"time":1449963180,"precipIntensity":0,"precipProbability":0},{"time":1449963240,"precipIntensity":0,"precipProbability":0},{"time":1449963300,"precipIntensity":0,"precipProbability":0},{"time":1449963360,"precipIntensity":0,"precipProbability":0},{"time":1449963420,"precipIntensity":0,"precipProbability":0},{"time":1449963480,"precipIntensity":0,"precipProbability":0},{"time":1449963540,"precipIntensity":0,"precipProbability":0},{"time":1449963600,"precipIntensity":0,"precipProbability":0},{"time":1449963660,"precipIntensity":0,"precipProbability":0},{"time":1449963720,"precipIntensity":0,"precipProbability":0},{"time":1449963780,"precipIntensity":0,"precipProbability":0},{"time":1449963840,"precipIntensity":0,"precipProbability":0},{"time":1449963900,"precipIntensity":0,"precipProbability":0},{"time":1449963960,"precipIntensity":0,"precipProbability":0},{"time":1449964020,"precipIntensity":0,"precipProbability":0},{"time":1449964080,"precipIntensity":0,"precipProbability":0},{"time":1449964140,"precipIntensity":0,"precipProbability":0},{"time":1449964200,"precipIntensity":0,"precipProbability":0},{"time":1449964260,"precipIntensity":0,"precipProbability":0},{"time":1449964320,"precipIntensity":0,"precipProbability":0},{"time":1449964380,"precipIntensity":0,"precipProbability":0},{"time":1449964440,"precipIntensity":0,"precipProbability":0},{"time":1449964500,"precipIntensity":0,"precipProbability":0},{"time":1449964560,"precipIntensity":0,"precipProbability":0},{"time":1449964620,"precipIntensity":0,"precipProbability":0},{"time":1449964680,"precipIntensity":0,"precipProbability":0},{"time":1449964740,"precipIntensity":0,"precipProbability":0},{"time":1449964800,"precipIntensity":0,"precipProbability":0},{"time":1449964860,"precipIntensity":0,"precipProbability":0},{"time":1449964920,"precipIntensity":0,"precipProbability":0},{"time":1449964980,"precipIntensity":0,"precipProbability":0},{"time":1449965040,"precipIntensity":0,"precipProbability":0},{"time":1449965100,"precipIntensity":0,"precipProbability":0},{"time":1449965160,"precipIntensity":0,"precipProbability":0},{"time":1449965220,"precipIntensity":0,"precipProbability":0},{"time":1449965280,"precipIntensity":0,"precipProbability":0},{"time":1449965340,"precipIntensity":0,"precipProbability":0},{"time":1449965400,"precipIntensity":0,"precipProbability":0},{"time":1449965460,"precipIntensity":0,"precipProbability":0},{"time":1449965520,"precipIntensity":0,"precipProbability":0},{"time":1449965580,"precipIntensity":0,"precipProbability":0},{"time":1449965640,"precipIntensity":0,"precipProbability":0},{"time":1449965700,"precipIntensity":0,"precipProbability":0},{"time":1449965760,"precipIntensity":0,"precipProbability":0},{"time":1449965820,"precipIntensity":0,"precipProbability":0}]},"hourly":{"summary":"Overcast
        throughout the day.","icon":"cloudy","data":[{"time":1449961200,"summary":"Mostly
        Cloudy","icon":"partly-cloudy-night","precipIntensity":0,"precipProbability":0,"temperature":50.03,"apparentTemperature":50.03,"dewPoint":36.57,"humidity":0.6,"windSpeed":2.06,"windBearing":241,"visibility":10,"cloudCover":0.61,"pressure":1020.15,"ozone":301.77},{"time":1449964800,"summary":"Mostly
        Cloudy","icon":"partly-cloudy-night","precipIntensity":0,"precipProbability":0,"temperature":48.62,"apparentTemperature":48.62,"dewPoint":37.63,"humidity":0.66,"windSpeed":1.85,"windBearing":222,"visibility":10,"cloudCover":0.78,"pressure":1019.87,"ozone":301.35},{"time":1449968400,"summary":"Mostly
        Cloudy","icon":"partly-cloudy-night","precipIntensity":0,"precipProbability":0,"temperature":48.5,"apparentTemperature":48.5,"dewPoint":38.37,"humidity":0.68,"windSpeed":2.45,"windBearing":230,"visibility":9.91,"cloudCover":0.85,"pressure":1020.01,"ozone":300.22},{"time":1449972000,"summary":"Mostly
        Cloudy","icon":"partly-cloudy-night","precipIntensity":0,"precipProbability":0,"temperature":48.41,"apparentTemperature":48.41,"dewPoint":39.07,"humidity":0.7,"windSpeed":2.3,"windBearing":239,"visibility":9.62,"cloudCover":0.92,"pressure":1020.23,"ozone":298.68},{"time":1449975600,"summary":"Overcast","icon":"cloudy","precipIntensity":0,"precipProbability":0,"temperature":48.14,"apparentTemperature":48.14,"dewPoint":39.52,"humidity":0.72,"windSpeed":2.59,"windBearing":258,"visibility":9.44,"cloudCover":0.98,"pressure":1020.39,"ozone":296.93},{"time":1449979200,"summary":"Overcast","icon":"cloudy","precipIntensity":0,"precipProbability":0,"temperature":48.04,"apparentTemperature":48.04,"dewPoint":39.96,"humidity":0.73,"windSpeed":2.46,"windBearing":273,"visibility":9.28,"cloudCover":1,"pressure":1020.45,"ozone":294.85},{"time":1449982800,"summary":"Overcast","icon":"cloudy","precipIntensity":0,"precipProbability":0,"temperature":47.82,"apparentTemperature":47.82,"dewPoint":40.41,"humidity":0.75,"windSpeed":2.19,"windBearing":285,"visibility":9.18,"cloudCover":1,"pressure":1020.45,"ozone":292.57},{"time":1449986400,"summary":"Overcast","icon":"cloudy","precipIntensity":0,"precipProbability":0,"temperature":47.55,"apparentTemperature":47.55,"dewPoint":40.51,"humidity":0.76,"windSpeed":2,"windBearing":304,"visibility":9.14,"cloudCover":1,"pressure":1020.43,"ozone":290.63},{"time":1449990000,"summary":"Overcast","icon":"cloudy","precipIntensity":0,"precipProbability":0,"temperature":46.83,"apparentTemperature":46.83,"dewPoint":40.4,"humidity":0.78,"windSpeed":1.93,"windBearing":322,"visibility":9.09,"cloudCover":1,"pressure":1020.36,"ozone":289.29},{"time":1449993600,"summary":"Overcast","icon":"cloudy","precipIntensity":0,"precipProbability":0,"temperature":46.13,"apparentTemperature":46.13,"dewPoint":40.11,"humidity":0.79,"windSpeed":2.24,"windBearing":336,"visibility":9.04,"cloudCover":0.99,"pressure":1020.29,"ozone":288.3},{"time":1449997200,"summary":"Overcast","icon":"cloudy","precipIntensity":0.0008,"precipProbability":0.01,"precipType":"rain","temperature":45.41,"apparentTemperature":44.4,"dewPoint":39.78,"humidity":0.81,"windSpeed":3.09,"windBearing":344,"visibility":8.97,"cloudCover":0.99,"pressure":1020.38,"ozone":287.45},{"time":1450000800,"summary":"Overcast","icon":"cloudy","precipIntensity":0,"precipProbability":0,"temperature":44.47,"apparentTemperature":42.5,"dewPoint":39.51,"humidity":0.83,"windSpeed":3.98,"windBearing":348,"visibility":8.9,"cloudCover":0.99,"pressure":1020.72,"ozone":286.71},{"time":1450004400,"summary":"Overcast","icon":"cloudy","precipIntensity":0,"precipProbability":0,"temperature":44.15,"apparentTemperature":41.65,"dewPoint":39.26,"humidity":0.83,"windSpeed":4.58,"windBearing":351,"visibility":8.96,"cloudCover":0.99,"pressure":1021.22,"ozone":286.11},{"time":1450008000,"summary":"Overcast","icon":"cloudy","precipIntensity":0,"precipProbability":0,"temperature":43.8,"apparentTemperature":40.98,"dewPoint":39.18,"humidity":0.84,"windSpeed":4.93,"windBearing":359,"visibility":9.02,"cloudCover":0.98,"pressure":1021.67,"ozone":285.49},{"time":1450011600,"summary":"Overcast","icon":"cloudy","precipIntensity":0,"precipProbability":0,"temperature":45.78,"apparentTemperature":43.37,"dewPoint":40.93,"humidity":0.83,"windSpeed":4.84,"windBearing":4,"visibility":8.99,"cloudCover":0.98,"pressure":1022.13,"ozone":284.83},{"time":1450015200,"summary":"Overcast","icon":"cloudy","precipIntensity":0,"precipProbability":0,"temperature":47.75,"apparentTemperature":45.22,"dewPoint":41.96,"humidity":0.8,"windSpeed":5.59,"windBearing":15,"visibility":9.05,"cloudCover":0.97,"pressure":1022.63,"ozone":284.15},{"time":1450018800,"summary":"Overcast","icon":"cloudy","precipIntensity":0,"precipProbability":0,"temperature":49.06,"apparentTemperature":46.61,"dewPoint":42.05,"humidity":0.77,"windSpeed":5.89,"windBearing":23,"visibility":9.25,"cloudCover":0.96,"pressure":1022.99,"ozone":283.35},{"time":1450022400,"summary":"Overcast","icon":"cloudy","precipIntensity":0,"precipProbability":0,"temperature":50.14,"apparentTemperature":50.14,"dewPoint":42.66,"humidity":0.75,"windSpeed":6.25,"windBearing":26,"visibility":9.54,"cloudCover":0.96,"pressure":1023.11,"ozone":282.31},{"time":1450026000,"summary":"Overcast","icon":"cloudy","precipIntensity":0,"precipProbability":0,"temperature":52.17,"apparentTemperature":52.17,"dewPoint":44.43,"humidity":0.75,"windSpeed":6.83,"windBearing":28,"visibility":9.75,"cloudCover":0.96,"pressure":1023.09,"ozone":281.16},{"time":1450029600,"summary":"Overcast","icon":"cloudy","precipIntensity":0,"precipProbability":0,"temperature":53.9,"apparentTemperature":53.9,"dewPoint":46.02,"humidity":0.75,"windSpeed":7.36,"windBearing":30,"visibility":9.87,"cloudCover":0.97,"pressure":1023.07,"ozone":280.08},{"time":1450033200,"summary":"Overcast","icon":"cloudy","precipIntensity":0,"precipProbability":0,"temperature":53.28,"apparentTemperature":53.28,"dewPoint":45.55,"humidity":0.75,"windSpeed":7.6,"windBearing":33,"visibility":9.93,"cloudCover":0.97,"pressure":1023.03,"ozone":279.18},{"time":1450036800,"summary":"Overcast","icon":"cloudy","precipIntensity":0,"precipProbability":0,"temperature":51.92,"apparentTemperature":51.92,"dewPoint":44.78,"humidity":0.77,"windSpeed":7.74,"windBearing":35,"visibility":10,"cloudCover":0.98,"pressure":1022.97,"ozone":278.37},{"time":1450040400,"summary":"Overcast","icon":"cloudy","precipIntensity":0,"precipProbability":0,"temperature":50.01,"apparentTemperature":50.01,"dewPoint":43.76,"humidity":0.79,"windSpeed":7.56,"windBearing":39,"visibility":9.97,"cloudCover":0.99,"pressure":1023.03,"ozone":277.59},{"time":1450044000,"summary":"Overcast","icon":"cloudy","precipIntensity":0,"precipProbability":0,"temperature":48.07,"apparentTemperature":44.68,"dewPoint":42.66,"humidity":0.81,"windSpeed":7.39,"windBearing":42,"visibility":10,"cloudCover":0.99,"pressure":1023.32,"ozone":276.57},{"time":1450047600,"summary":"Overcast","icon":"cloudy","precipIntensity":0.0011,"precipProbability":0.01,"precipType":"rain","temperature":47.23,"apparentTemperature":43.76,"dewPoint":41.86,"humidity":0.82,"windSpeed":7.18,"windBearing":46,"visibility":10,"cloudCover":0.99,"pressure":1023.67,"ozone":275.58},{"time":1450051200,"summary":"Overcast","icon":"cloudy","precipIntensity":0.0014,"precipProbability":0.02,"precipType":"rain","temperature":46.56,"apparentTemperature":43.08,"dewPoint":41.23,"humidity":0.82,"windSpeed":6.92,"windBearing":50,"visibility":10,"cloudCover":0.99,"pressure":1023.89,"ozone":275.3},{"time":1450054800,"summary":"Overcast","icon":"cloudy","precipIntensity":0.0012,"precipProbability":0.02,"precipType":"rain","temperature":46.2,"apparentTemperature":42.74,"dewPoint":40.85,"humidity":0.81,"windSpeed":6.74,"windBearing":53,"visibility":10,"cloudCover":0.98,"pressure":1023.91,"ozone":276.21},{"time":1450058400,"summary":"Overcast","icon":"cloudy","precipIntensity":0.0008,"precipProbability":0.01,"precipType":"rain","temperature":46.04,"apparentTemperature":42.64,"dewPoint":40.63,"humidity":0.81,"windSpeed":6.57,"windBearing":57,"visibility":10,"cloudCover":0.98,"pressure":1023.75,"ozone":277.82},{"time":1450062000,"summary":"Overcast","icon":"cloudy","precipIntensity":0,"precipProbability":0,"temperature":45.93,"apparentTemperature":42.63,"dewPoint":40.54,"humidity":0.81,"windSpeed":6.34,"windBearing":61,"visibility":10,"cloudCover":0.97,"pressure":1023.49,"ozone":279.37},{"time":1450065600,"summary":"Overcast","icon":"cloudy","precipIntensity":0.001,"precipProbability":0.01,"precipType":"rain","temperature":45.75,"apparentTemperature":42.56,"dewPoint":40.54,"humidity":0.82,"windSpeed":6.09,"windBearing":67,"visibility":10,"cloudCover":0.97,"pressure":1023.15,"ozone":280.67},{"time":1450069200,"summary":"Overcast","icon":"cloudy","precipIntensity":0.0015,"precipProbability":0.03,"precipType":"rain","temperature":45.5,"apparentTemperature":42.43,"dewPoint":40.54,"humidity":0.83,"windSpeed":5.8,"windBearing":74,"visibility":10,"cloudCover":0.97,"pressure":1022.72,"ozone":281.91},{"time":1450072800,"summary":"Overcast","icon":"cloudy","precipIntensity":0.0018,"precipProbability":0.04,"precipType":"rain","temperature":45.19,"apparentTemperature":42.27,"dewPoint":40.5,"humidity":0.84,"windSpeed":5.46,"windBearing":81,"visibility":10,"cloudCover":0.97,"pressure":1022.18,"ozone":282.95},{"time":1450076400,"summary":"Overcast","icon":"cloudy","precipIntensity":0.0014,"precipProbability":0.02,"precipType":"rain","temperature":44.82,"apparentTemperature":42.28,"dewPoint":40.38,"humidity":0.84,"windSpeed":4.8,"windBearing":91,"visibility":10,"cloudCover":0.98,"pressure":1021.41,"ozone":283.66},{"time":1450080000,"summary":"Overcast","icon":"cloudy","precipIntensity":0,"precipProbability":0,"temperature":44.45,"apparentTemperature":42.13,"dewPoint":40.27,"humidity":0.85,"windSpeed":4.41,"windBearing":106,"visibility":10,"cloudCover":0.99,"pressure":1020.44,"ozone":284.18},{"time":1450083600,"summary":"Overcast","icon":"cloudy","precipIntensity":0,"precipProbability":0,"temperature":44.59,"apparentTemperature":42.28,"dewPoint":40.67,"humidity":0.86,"windSpeed":4.43,"windBearing":114,"visibility":10,"cloudCover":1,"pressure":1019.67,"ozone":284.74},{"time":1450087200,"summary":"Overcast","icon":"cloudy","precipIntensity":0,"precipProbability":0,"temperature":44.84,"apparentTemperature":42.52,"dewPoint":41.18,"humidity":0.87,"windSpeed":4.49,"windBearing":111,"visibility":10,"cloudCover":1,"pressure":1019.22,"ozone":285.4},{"time":1450090800,"summary":"Overcast","icon":"cloudy","precipIntensity":0.0011,"precipProbability":0.01,"precipType":"rain","temperature":45.16,"apparentTemperature":42.85,"dewPoint":41.78,"humidity":0.88,"windSpeed":4.57,"windBearing":102,"visibility":10,"cloudCover":1,"pressure":1018.97,"ozone":286.12},{"time":1450094400,"summary":"Overcast","icon":"cloudy","precipIntensity":0.0016,"precipProbability":0.03,"precipType":"rain","temperature":45.6,"apparentTemperature":43.12,"dewPoint":42.43,"humidity":0.89,"windSpeed":4.9,"windBearing":97,"visibility":10,"cloudCover":1,"pressure":1018.74,"ozone":286.98},{"time":1450098000,"summary":"Overcast","icon":"cloudy","precipIntensity":0.0017,"precipProbability":0.03,"precipType":"rain","temperature":46.17,"apparentTemperature":43.4,"dewPoint":43.11,"humidity":0.89,"windSpeed":5.5,"windBearing":96,"visibility":10,"cloudCover":1,"pressure":1018.46,"ozone":288.21},{"time":1450101600,"summary":"Overcast","icon":"cloudy","precipIntensity":0.0018,"precipProbability":0.04,"precipType":"rain","temperature":46.67,"apparentTemperature":43.59,"dewPoint":43.66,"humidity":0.89,"windSpeed":6.2,"windBearing":96,"visibility":10,"cloudCover":1,"pressure":1018.14,"ozone":289.6},{"time":1450105200,"summary":"Overcast","icon":"cloudy","precipIntensity":0.0018,"precipProbability":0.04,"precipType":"rain","temperature":47.01,"apparentTemperature":43.7,"dewPoint":44.1,"humidity":0.9,"windSpeed":6.79,"windBearing":97,"visibility":10,"cloudCover":1,"pressure":1017.59,"ozone":290.58},{"time":1450108800,"summary":"Overcast","icon":"cloudy","precipIntensity":0.0018,"precipProbability":0.04,"precipType":"rain","temperature":47.47,"apparentTemperature":44.1,"dewPoint":44.7,"humidity":0.9,"windSpeed":7.07,"windBearing":98,"visibility":10,"cloudCover":1,"pressure":1016.69,"ozone":291.03},{"time":1450112400,"summary":"Overcast","icon":"cloudy","precipIntensity":0.0018,"precipProbability":0.04,"precipType":"rain","temperature":48.07,"apparentTemperature":44.85,"dewPoint":45.48,"humidity":0.91,"windSpeed":7.02,"windBearing":100,"visibility":10,"cloudCover":1,"pressure":1015.57,"ozone":291.08},{"time":1450116000,"summary":"Overcast","icon":"cloudy","precipIntensity":0.0019,"precipProbability":0.04,"precipType":"rain","temperature":48.68,"apparentTemperature":45.64,"dewPoint":46.29,"humidity":0.91,"windSpeed":6.91,"windBearing":103,"visibility":10,"cloudCover":1,"pressure":1014.4,"ozone":290.63},{"time":1450119600,"summary":"Overcast","icon":"cloudy","precipIntensity":0.0025,"precipProbability":0.07,"precipType":"rain","temperature":49.34,"apparentTemperature":46.35,"dewPoint":47.2,"humidity":0.92,"windSpeed":7.11,"windBearing":107,"visibility":10,"cloudCover":1,"pressure":1013.21,"ozone":289.26},{"time":1450123200,"summary":"Overcast","icon":"cloudy","precipIntensity":0.0033,"precipProbability":0.1,"precipType":"rain","temperature":49.98,"apparentTemperature":46.95,"dewPoint":48.12,"humidity":0.93,"windSpeed":7.5,"windBearing":111,"visibility":10,"cloudCover":1,"pressure":1011.93,"ozone":287.4},{"time":1450126800,"summary":"Overcast","icon":"cloudy","precipIntensity":0.0035,"precipProbability":0.12,"precipType":"rain","temperature":50.61,"apparentTemperature":50.61,"dewPoint":49,"humidity":0.94,"windSpeed":7.85,"windBearing":114,"visibility":10,"cloudCover":1,"pressure":1010.75,"ozone":286.16},{"time":1450130400,"summary":"Overcast","icon":"cloudy","precipIntensity":0.0022,"precipProbability":0.05,"precipType":"rain","temperature":51.18,"apparentTemperature":51.18,"dewPoint":49.81,"humidity":0.95,"windSpeed":8.03,"windBearing":114,"visibility":10,"cloudCover":1,"pressure":1009.82,"ozone":286.13},{"time":1450134000,"summary":"Overcast","icon":"cloudy","precipIntensity":0,"precipProbability":0,"temperature":51.78,"apparentTemperature":51.78,"dewPoint":50.62,"humidity":0.96,"windSpeed":8.21,"windBearing":113,"visibility":10,"cloudCover":1,"pressure":1009,"ozone":286.73}]},"daily":{"summary":"Light
        rain on Monday through Friday, with temperatures peaking at 61°F on Tuesday.","icon":"rain","data":[{"time":1449896400,"summary":"Mostly
        cloudy starting in the afternoon.","icon":"partly-cloudy-night","sunriseTime":1449921912,"sunsetTime":1449954808,"moonPhase":0.04,"precipIntensity":0,"precipIntensityMax":0,"precipProbability":0,"temperatureMin":46.83,"temperatureMinTime":1449921600,"temperatureMax":59.26,"temperatureMaxTime":1449946800,"apparentTemperatureMin":44.41,"apparentTemperatureMinTime":1449921600,"apparentTemperatureMax":59.26,"apparentTemperatureMaxTime":1449946800,"dewPoint":40.19,"humidity":0.69,"windSpeed":4.15,"windBearing":248,"visibility":8.95,"cloudCover":0.39,"pressure":1018.72,"ozone":309.54},{"time":1449982800,"summary":"Overcast
        throughout the day.","icon":"cloudy","sunriseTime":1450008359,"sunsetTime":1450041216,"moonPhase":0.07,"precipIntensity":0.0004,"precipIntensityMax":0.0014,"precipIntensityMaxTime":1450051200,"precipProbability":0.02,"precipType":"rain","temperatureMin":43.8,"temperatureMinTime":1450008000,"temperatureMax":53.9,"temperatureMaxTime":1450029600,"apparentTemperatureMin":40.98,"apparentTemperatureMinTime":1450008000,"apparentTemperatureMax":53.9,"apparentTemperatureMaxTime":1450029600,"dewPoint":41.65,"humidity":0.79,"windSpeed":4.85,"windBearing":29,"visibility":9.53,"cloudCover":0.98,"pressure":1022.37,"ozone":282.46},{"time":1450069200,"summary":"Rain
        starting in the evening.","icon":"rain","sunriseTime":1450094804,"sunsetTime":1450127625,"moonPhase":0.11,"precipIntensity":0.005,"precipIntensityMax":0.0442,"precipIntensityMaxTime":1450152000,"precipProbability":0.71,"precipType":"rain","temperatureMin":44.45,"temperatureMinTime":1450080000,"temperatureMax":57.22,"temperatureMaxTime":1450152000,"apparentTemperatureMin":42.13,"apparentTemperatureMinTime":1450080000,"apparentTemperatureMax":57.22,"apparentTemperatureMaxTime":1450152000,"dewPoint":46.21,"humidity":0.91,"windSpeed":6.49,"windBearing":111,"visibility":9.94,"cloudCover":1,"pressure":1014.45,"ozone":287.33},{"time":1450155600,"summary":"Light
        rain in the morning.","icon":"rain","sunriseTime":1450181248,"sunsetTime":1450214038,"moonPhase":0.14,"precipIntensity":0.0116,"precipIntensityMax":0.0782,"precipIntensityMaxTime":1450159200,"precipProbability":0.78,"precipType":"rain","temperatureMin":46.39,"temperatureMinTime":1450238400,"temperatureMax":61.34,"temperatureMaxTime":1450170000,"apparentTemperatureMin":41.04,"apparentTemperatureMinTime":1450238400,"apparentTemperatureMax":61.34,"apparentTemperatureMaxTime":1450170000,"dewPoint":47.69,"humidity":0.78,"windSpeed":10.2,"windBearing":234,"visibility":8.99,"cloudCover":0.42,"pressure":997.4,"ozone":294.99},{"time":1450242000,"summary":"Partly
        cloudy overnight.","icon":"partly-cloudy-night","sunriseTime":1450267689,"sunsetTime":1450300452,"moonPhase":0.18,"precipIntensity":0,"precipIntensityMax":0,"precipProbability":0,"temperatureMin":39.93,"temperatureMinTime":1450263600,"temperatureMax":53.16,"temperatureMaxTime":1450288800,"apparentTemperatureMin":36.03,"apparentTemperatureMinTime":1450263600,"apparentTemperatureMax":53.16,"apparentTemperatureMaxTime":1450288800,"dewPoint":38.41,"humidity":0.78,"windSpeed":1.05,"windBearing":304,"cloudCover":0.07,"pressure":1015.38,"ozone":283.8},{"time":1450328400,"summary":"Rain
        throughout the day.","icon":"rain","sunriseTime":1450354129,"sunsetTime":1450386869,"moonPhase":0.22,"precipIntensity":0.0178,"precipIntensityMax":0.076,"precipIntensityMaxTime":1450396800,"precipProbability":0.77,"precipType":"rain","temperatureMin":42.91,"temperatureMinTime":1450332000,"temperatureMax":60.95,"temperatureMaxTime":1450389600,"apparentTemperatureMin":39.57,"apparentTemperatureMinTime":1450350000,"apparentTemperatureMax":60.95,"apparentTemperatureMaxTime":1450389600,"dewPoint":48.95,"humidity":0.91,"windSpeed":5.38,"windBearing":177,"cloudCover":0.8,"pressure":1009.55,"ozone":270.42},{"time":1450414800,"summary":"Partly
        cloudy overnight.","icon":"partly-cloudy-night","sunriseTime":1450440567,"sunsetTime":1450473288,"moonPhase":0.26,"precipIntensity":0.0016,"precipIntensityMax":0.0102,"precipIntensityMaxTime":1450414800,"precipProbability":0.49,"precipType":"rain","temperatureMin":37.51,"temperatureMinTime":1450497600,"temperatureMax":54.96,"temperatureMaxTime":1450414800,"apparentTemperatureMin":31.93,"apparentTemperatureMinTime":1450443600,"apparentTemperatureMax":54.96,"apparentTemperatureMaxTime":1450414800,"dewPoint":34.01,"humidity":0.71,"windSpeed":9.18,"windBearing":272,"cloudCover":0.06,"pressure":1013.08,"ozone":288.17},{"time":1450501200,"summary":"Mixed
        precipitation overnight.","icon":"rain","sunriseTime":1450527002,"sunsetTime":1450559710,"moonPhase":0.29,"precipIntensity":0.0009,"precipIntensityMax":0.0047,"precipIntensityMaxTime":1450584000,"precipProbability":0.18,"precipType":"rain","temperatureMin":33.88,"temperatureMinTime":1450512000,"temperatureMax":49.61,"temperatureMaxTime":1450548000,"apparentTemperatureMin":28.67,"apparentTemperatureMinTime":1450508400,"apparentTemperatureMax":49.61,"apparentTemperatureMaxTime":1450548000,"dewPoint":29.8,"humidity":0.66,"windSpeed":2.03,"windBearing":278,"cloudCover":0.71,"pressure":1016.48,"ozone":311.04}]},"flags":{"sources":["darksky","lamp","gfs","cmc","nam","rap","rtma","sref","fnmoc","isd","nwspa","madis","nearest-precip"],"darksky-stations":["KBOX"],"lamp-stations":["KBED","KBOS","KBVY","KFIT","KLWM","KMQE","KOWD","KPYM","KSFZ","KTAN"],"isd-stations":["725090-14739","744907-14753","994971-99999","999999-14789","999999-94701"],"madis-stations":["A1261","AN284","AN287","AV085","BHBM3","C1378","C2236","C6612","D5490","E0152","E1024","E6033","KMQE","MA004","MA011","TT361"],"units":"us"}}'
    http_version: 
  recorded_at: Sat, 12 Dec 2015 23:17:28 GMT
recorded_with: VCR 2.5.0
